*** Using Compiler 'V5.06 update 7 (build 960)', folder: 'C:\APP\Code\MDK\CORE\ARM\ARMCC\Bin'
Build target 'JointMotorApp'
compiling thread_control.c...
compiling thread_display.c...
compiling thread_period.c...
compiling ctrl_transition_mgr.c...
compiling system_state.c...
compiling thread_idle.c...
compiling ctrl_transition.c...
compiling motor_control.c...
compiling motor_mode_idle.c...
compiling motor_mode_hold.c...
compiling motor_mode_open_loop.c...
compiling motor_mode_duty.c...
compiling motor_mode_current.c...
compiling motor_mode_torque.c...
compiling motor_mode_mit.c...
compiling motor_mode_velocity.c...
compiling motor_mode_position.c...
compiling motor_mode_profile_velocity.c...
compiling motor_mode_profile_torque.c...
compiling motor_mode_test_sweep.c...
compiling motor_mode_zero_force.c...
compiling motor_mode_load_sim.c...
compiling cascade_control.c...
compiling thread_commun.c...
..\..\..\User\AppServices\ThreadManager\thread_commun.c(38): warning:  #177-D: function "can_test_frame_send"  was declared but never referenced
  static void can_test_frame_send(void)
..\..\..\User\AppServices\ThreadManager\thread_commun.c: 1 warning, 0 errors
compiling led_manager.c...
compiling jm_host_commun.c...
compiling motor_info_calib.c...
../../../User/Driver/drv_flash_g4.h(99): warning:  #1-D: last line of file ends without a newline
  #endif // __FLASH_G4_H
../../../User/Devices/dev_eeprom.h(79): warning:  #1-D: last line of file ends without a newline
  #endif /* __DEV_EEPROM_H */
..\..\..\User\AppServices\ParamService\motor_info_calib.c: 2 warnings, 0 errors
compiling motor_info_storage.c...
../../../User/Driver/drv_flash_g4.h(99): warning:  #1-D: last line of file ends without a newline
  #endif // __FLASH_G4_H
../../../User/Devices/dev_eeprom.h(79): warning:  #1-D: last line of file ends without a newline
  #endif /* __DEV_EEPROM_H */
..\..\..\User\AppServices\ParamService\motor_info_storage.c: 2 warnings, 0 errors
compiling control_irq.c...
compiling calib_level2_motor.c...
compiling calib_level1_driver.c...
..\..\..\User\MotorCalibration\calib_level1_driver.c(16): warning:  #550-D: variable "s_param"  was set but never used
  static motor_param_t *s_param;
..\..\..\User\MotorCalibration\calib_level1_driver.c(17): warning:  #550-D: variable "s_dt"  was set but never used
  static float s_dt;
..\..\..\User\MotorCalibration\calib_level1_driver.c: 2 warnings, 0 errors
compiling motor_pid_load.c...
../../../User/Driver/drv_flash_g4.h(99): warning:  #1-D: last line of file ends without a newline
  #endif // __FLASH_G4_H
../../../User/Devices/dev_eeprom.h(79): warning:  #1-D: last line of file ends without a newline
  #endif /* __DEV_EEPROM_H */
..\..\..\User\MotorControl\PidManager\motor_pid_load.c: 2 warnings, 0 errors
compiling motor_observer.c...
compiling calib_level3_encoder.c...
compiling motor_loop.c...
../../../User/Driver/drv_flash_g4.h(99): warning:  #1-D: last line of file ends without a newline
  #endif // __FLASH_G4_H
../../../User/Devices/dev_eeprom.h(79): warning:  #1-D: last line of file ends without a newline
  #endif /* __DEV_EEPROM_H */
..\..\..\User\MotorControl\CascadeControl\motor_loop.c: 2 warnings, 0 errors
compiling current_loop.c...
compiling dev_motor_phase_current.c...
compiling user_interface.c...
../../../User/Devices/dev_eeprom.h(79): warning:  #1-D: last line of file ends without a newline
  #endif /* __DEV_EEPROM_H */
../../../User/Driver/drv_flash_g4.h(99): warning:  #1-D: last line of file ends without a newline
  #endif // __FLASH_G4_H
..\..\..\User\AppEntry\user_interface.c: 2 warnings, 0 errors
compiling dev_power_monitor.c...
compiling dev_commun_uart.c...
compiling jm_proto_ops.c...
../../../User/Driver/drv_flash_g4.h(99): warning:  #1-D: last line of file ends without a newline
  #endif // __FLASH_G4_H
../../../User/Devices/dev_eeprom.h(79): warning:  #1-D: last line of file ends without a newline
  #endif /* __DEV_EEPROM_H */
..\..\..\User\Protocol\joint_proto\jm_proto_ops.c: 2 warnings, 0 errors
compiling dev_encoder_mt6701.c...
compiling calib_config_runtime.c...
../../../User/Driver/drv_flash_g4.h(99): warning:  #1-D: last line of file ends without a newline
  #endif // __FLASH_G4_H
../../../User/Devices/dev_eeprom.h(79): warning:  #1-D: last line of file ends without a newline
  #endif /* __DEV_EEPROM_H */
..\..\..\User\MotorCalibration\calib_config_runtime.c: 2 warnings, 0 errors
compiling dev_half_bridge.c...
compiling motor_profile.c...
compiling calib_hw.c...
compiling dev_eeprom.c...
..\..\..\User\Devices\dev_eeprom.h(79): warning:  #1-D: last line of file ends without a newline
  #endif /* __DEV_EEPROM_H */
..\..\..\User\Devices\dev_eeprom.c(241): warning:  #1-D: last line of file ends without a newline
  #endif /* USE_DEV_EEPROM */
..\..\..\User\Devices\dev_eeprom.c: 2 warnings, 0 errors
compiling assert_report.c...
..\..\..\User\Common\assert_report.c(35): warning:  #177-D: function "assert_func"  was declared but never referenced
  static void assert_func(void)
..\..\..\User\Common\assert_report.c: 1 warning, 0 errors
compiling runtime_param.c...
compiling dev_encoder_mt6835.c...
compiling dev_mt6701.c...
..\..\..\User\Devices\dev_mt6701.c(48): warning:  #188-D: enumerated type mixed with another type
  	spiDrv_t dev = {.hspi = mt6701_list[pobj->id].spi_num.hspi, .cs = {0}}; /* cs.gpiox=DRV_GPIO_INIT: é©±åŠ¨ä¸æ“ä½œCS */
..\..\..\User\Devices\dev_mt6701.c: 1 warning, 0 errors
compiling dev_config.c...
..\..\..\User\Devices\dev_eeprom.h(79): warning:  #1-D: last line of file ends without a newline
  #endif /* __DEV_EEPROM_H */
..\..\..\User\Devices\dev_config.c: 1 warning, 0 errors
compiling dev_motor.c...
compiling dev_flash.c...
../../../User/Driver/drv_flash_g4.h(99): warning:  #1-D: last line of file ends without a newline
  #endif // __FLASH_G4_H
..\..\..\User\Devices\dev_flash.c: 1 warning, 0 errors
compiling calib_ac_injection.c...
compiling dev_mt6835.c...
..\..\..\User\Devices\dev_mt6835.c(139): warning:  #177-D: function "mt6835_write_eeprom"  was declared but never referenced
  static bool mt6835_write_eeprom(dev_mt6835_t *pobj)
..\..\..\User\Devices\dev_mt6835.c(163): warning:  #177-D: function "mt6835_set_zero_point"  was declared but never referenced
  static bool mt6835_set_zero_point(dev_mt6835_t *pobj)
..\..\..\User\Devices\dev_mt6835.c: 2 warnings, 0 errors
compiling calib_level5_nonlinear.c...
compiling dev_commun_can.c...
../../../User/Driver/drv_flash_g4.h(99): warning:  #1-D: last line of file ends without a newline
  #endif // __FLASH_G4_H
../../../User/Devices/dev_eeprom.h(79): warning:  #1-D: last line of file ends without a newline
  #endif /* __DEV_EEPROM_H */
..\..\..\User\Devices\dev_commun_can.c: 2 warnings, 0 errors
compiling dev_led.c...
compiling fdcan.c...
compiling stm32g4xx_it.c...
linking...
Program Size: Code=108792 RO-data=8300 RW-data=444 ZI-data=76996  
FromELF: creating hex file...
After Build - User command #1: D:\AAWorkSpace\001_JointMotor\SW\JointMotor-MKS\Board\V1\MDK-ARM\keil5_disp_size_bar.exe
ram:
  RW_IRAM1 :0x20000000
  128.00 KB :|¡ö¡ö¡ö¡ö¡ö¡ö¡ö¡ö¡ö¡ö¡ö_________|   59.08 % (   75.63 KB /   128.00 KB) [53632 B]
flash:
  ER_IROM1 :0x8000000
  512.00 KB :|¡ö¡ö¡ö¡ö________________|   22.33 % (  114.35 KB /   512.00 KB) [407196 B]
"JointMotorApp\JointMotorApp.axf" - 0 Error(s), 27 Warning(s).
Build Time Elapsed:  00:00:29
