================================================================================
CALIBRATION REFACTOR (Task 9) - POST-REFACTOR COMPILE VERIFICATION
Date: 2026-07-01
Compiler: V5.06 update 7 (build 960), C:\APP\Code\MDK\CORE\ARM\ARMCC\Bin
UV4: C:\APP\Code\MDK\CORE\UV4\UV4.exe  (command-line build with -b -j0)
================================================================================

BASELINE (pre-refactor, build_calib.log):
  JointMotorApp: 4 Error(s), 0 Warning(s)
    - All 4 errors are L6218E Undefined symbol motor_info_* (dispatch_read,
      dispatch_write, init, validate) referred from jm_proto_ops.o.
    - These are PRE-EXISTING linker errors unrelated to the calibration refactor.

================================================================================
PROJECT 1: JointMotorApp  (Board/V1/MDK-ARM/JointMotorApp.uvprojx)
================================================================================
Full build log originally written here by UV4; key result lines below.

Calibration file compile results (ALL 0 errors):
  calib_mgr.c ..................... 0 warnings, 0 errors
  calib_hw.c (NEW) ................ 0 warnings, 0 errors
  calib_level3_encoder.c (REFACT). 0 warnings, 0 errors
  calib_level2_motor.c (EXPANDED). 0 warnings, 0 errors
  calib_level7_auto.c (UPDATED) ... 1 warning , 0 errors  (#550-D s_sequence unused)
  calib_level6_system.c ........... 2 warnings, 0 errors
  calib_level5_nonlinear.c ........ 2 warnings, 0 errors
  calib_level1_driver.c ........... 2 warnings, 0 errors
  calib_level4_torque.c ........... 2 warnings, 0 errors

Linker result:
  JointMotorApp\JointMotorApp.axf: Error: L6218E: Undefined symbol motor_info_dispatch_read (referred from jm_proto_ops.o).
  JointMotorApp\JointMotorApp.axf: Error: L6218E: Undefined symbol motor_info_dispatch_write (referred from jm_proto_ops.o).
  JointMotorApp\JointMotorApp.axf: Error: L6218E: Undefined symbol motor_info_init (referred from jm_proto_ops.o).
  JointMotorApp\JointMotorApp.axf: Error: L6218E: Undefined symbol motor_info_validate (referred from jm_proto_ops.o).
  Finished: 2 information, 0 warning and 4 error messages.
  "JointMotorApp\JointMotorApp.axf" - 4 Error(s), 14 Warning(s).
  Target not created.
  Build Time Elapsed:  00:00:10

CONCLUSION (JointMotorApp): The 4 errors are IDENTICAL to the baseline
  (same motor_info_* linker errors, same source jm_proto_ops.o). The calibration
  refactor introduced ZERO new errors and ZERO new warnings. All 9 calib_*.c
  translation units (including the new calib_hw.c and the refactored
  calib_level3_encoder.c / calib_level2_motor.c / calib_level7_auto.c) compiled
  cleanly. The link failure is a pre-existing issue in the motor_info module,
  NOT caused by the calibration split.

================================================================================
PROJECT 2: sfoc  (Board/SFOC/MDK-ARM/sfoc.uvprojx)
================================================================================
Full build log at Board/SFOC/MDK-ARM/build_calib_v2.log.

Calibration file compile results (ALL 0 errors):
  calib_mgr.c ..................... 0 warnings, 0 errors
  calib_hw.c (NEW) ................ 0 warnings, 0 errors
  calib_level3_encoder.c (REFACT). 0 warnings, 0 errors
  calib_level2_motor.c (EXPANDED). 0 warnings, 0 errors
  calib_level7_auto.c (UPDATED) ... 1 warning , 0 errors  (#550-D s_sequence unused)
  calib_level6_system.c ........... 2 warnings, 0 errors
  calib_level5_nonlinear.c ........ 2 warnings, 0 errors
  calib_level1_driver.c ........... 2 warnings, 0 errors
  calib_level4_torque.c ........... 2 warnings, 0 errors

Linker result:
  Program Size: Code=71072 RO-data=5348 RW-data=300 ZI-data=29044
  FromELF: creating hex file...
  "JointMotorApp\JointMotorApp.axf" - 0 Error(s), 14 Warning(s).
  Build Time Elapsed:  00:00:09

CONCLUSION (sfoc): FULLY CLEAN BUILD. 0 errors, 14 warnings (all pre-existing
  #550-D unused-variable and #1-D missing-final-newline warnings, none from the
  calibration refactor). Hex file generated successfully. RAM 22.39%, Flash 14.58%.

================================================================================
OVERALL VERDICT
================================================================================
The 8-commit calibration refactor (calib_config.h, calib_hw.h/.c, refactored
calib_level3_encoder.c, expanded calib_level2_motor.c, updated calib_level7_auto.c,
calib_types.h L2 split, both .uvprojx with calib_hw.c added) compiles cleanly:

  - sfoc project:           0 Error(s), 14 Warning(s)  -> CLEAN LINK, hex built
  - JointMotorApp project:  4 Error(s), 14 Warning(s)  -> link fails, BUT the 4
    errors are pre-existing motor_info_* linker errors identical to the baseline
    (present before the refactor). All calibration .c files compile with 0 errors.

No calibration regression. No new errors. No new warnings introduced by the refactor.
The JointMotorApp link failure is a separate, pre-existing issue in the motor_info
module (jm_proto_ops.o) outside the scope of the calibration L2 split work.
